// Jest Snapshot v1, https://goo.gl/fbAQLP

exports[`DeleteAccountButton match snapshot 1`] = `
<div>
  <button
    aria-expanded="false"
    aria-haspopup="dialog"
    class="btn btn-md btn-secondary text-red-primary min-w-[120px]"
    data-state="closed"
    type="button"
  >
    main.profile.button.delete-account
  </button>
  <div
    style="position: fixed; z-index: 9999; top: 16px; left: 16px; right: 16px; bottom: 16px; pointer-events: none;"
  />
</div>
`;
