// Jest Snapshot v1, https://goo.gl/fbAQLP

exports[`ResetPasswordWithEmailForm match snapshot 1`] = `
<div>
  <div
    class="flex flex-col gap-6"
  >
    <div
      class="flex items-center justify-between"
    >
      <h1
        class="font-20-bold"
      >
        main.profile.change-password
      </h1>
      <button
        class="btn btn-md btn-primary min-w-[120px]"
        disabled=""
        form="reset_password"
      >
        button.save
      </button>
    </div>
    <hr />
    <form
      class="flex flex-col gap-6"
      id="reset_password"
    >
      <div
        class="flex flex-col gap-2"
      >
        <label
          class="input-label"
          for="input.label.password"
        >
          input.label.password
           
          <span
            class="text-red-primary"
          >
            *
          </span>
        </label>
        <div
          class="relative"
        >
          <input
            class="input  input-md  pr-10 "
            id="input.label.password"
            name="password"
            placeholder="input.placeholder.password"
            required=""
            type="password"
          />
          <div
            class="absolute-y-center absolute right-[14px] flex items-center gap-2"
          />
        </div>
      </div>
      <div
        class="flex flex-col gap-2"
      >
        <label
          class="input-label"
          for="main.profile.label.new-password"
        >
          main.profile.label.new-password
           
          <span
            class="text-red-primary"
          >
            *
          </span>
        </label>
        <div
          class="relative"
        >
          <input
            class="input  input-md  pr-10 "
            id="main.profile.label.new-password"
            name="newPassword"
            placeholder="main.profile.placeholder.new-password"
            required=""
            type="password"
          />
          <div
            class="absolute-y-center absolute right-[14px] flex items-center gap-2"
          />
        </div>
      </div>
      <div
        class="flex flex-col gap-2"
      >
        <label
          class="input-label"
          for="main.profile.label.confirm-new-password"
        >
          main.profile.label.confirm-new-password
           
          <span
            class="text-red-primary"
          >
            *
          </span>
        </label>
        <div
          class="relative"
        >
          <input
            class="input  input-md  pr-10 "
            id="main.profile.label.confirm-new-password"
            name="confirmNewPassword"
            placeholder="main.profile.placeholder.confirm-new-password"
            required=""
            type="password"
          />
          <div
            class="absolute-y-center absolute right-[14px] flex items-center gap-2"
          />
        </div>
      </div>
    </form>
  </div>
  <div
    style="position: fixed; z-index: 9999; top: 16px; left: 16px; right: 16px; bottom: 16px; pointer-events: none;"
  />
</div>
`;
