// Jest Snapshot v1, https://goo.gl/fbAQLP

exports[`ResetPasswordWithEmailForm match snapshot 1`] = `
<div>
  <form>
    <div
      class="mb-6 space-y-4"
    >
      <div
        class="flex flex-col gap-2"
      >
        <label
          class="input-label"
          for="Email"
        >
          Email
           
        </label>
        <div
          class="relative"
        >
          <input
            class="input  input-md  pr-10 "
            disabled=""
            id="Email"
            placeholder=""
            type="email"
            value="email"
          />
          <div
            class="absolute-y-center absolute right-[14px] flex items-center gap-2"
          />
        </div>
      </div>
      <div
        class="flex flex-col gap-2"
      >
        <label
          class="input-label"
          for="input.label.password"
        >
          input.label.password
           
          <span
            class="text-red-primary"
          >
            *
          </span>
        </label>
        <div
          class="relative"
        >
          <input
            class="input  input-md  pr-10 "
            id="input.label.password"
            name="password"
            placeholder="input.placeholder.password"
            required=""
            type="password"
          />
          <div
            class="absolute-y-center absolute right-[14px] flex items-center gap-2"
          >
            <svg
              class="inline-block text-blue-primary"
              height="20"
              width="20"
            />
          </div>
        </div>
      </div>
      <div
        class="flex flex-col gap-2"
      >
        <label
          class="input-label"
          for="input.label.confirm-password"
        >
          input.label.confirm-password
           
          <span
            class="text-red-primary"
          >
            *
          </span>
        </label>
        <div
          class="relative"
        >
          <input
            class="input  input-md  pr-10 "
            id="input.label.confirm-password"
            name="confirmPassword"
            placeholder="input.placeholder.confirm-password"
            required=""
            type="password"
          />
          <div
            class="absolute-y-center absolute right-[14px] flex items-center gap-2"
          >
            <svg
              class="inline-block text-blue-primary"
              height="20"
              width="20"
            />
          </div>
        </div>
      </div>
    </div>
    <div
      class="flex flex-col gap-2"
    >
      <button
        class="btn btn-primary"
        disabled=""
        type="submit"
      >
        button.setting
      </button>
    </div>
  </form>
  <div
    style="position: fixed; z-index: 9999; top: 16px; left: 16px; right: 16px; bottom: 16px; pointer-events: none;"
  />
</div>
`;
